// Jest Snapshot v1, https://goo.gl/fbAQLP

exports[`Test Scroll Area. should call addScrollArea when mounting. 1`] = `
Array [
  <div>
    <h1>
      Test
    </h1>
  </div>,
  "mock-id",
]
`;

exports[`Test Scroll Area. should call removeScrollArea when unmounting. 1`] = `
Array [
  <div>
    <h1>
      Test
    </h1>
  </div>,
  "mock-id",
]
`;

exports[`Test Scroll Area. should render correctly. 1`] = `
<ScrollArea
  className="foo"
>
  <div
    className="foo"
  >
    <h1>
      Test
    </h1>
  </div>
</ScrollArea>
`;
